<html>
<body>
<pre>
<h1>µVision Build Log</h1>
<h2>Tool Versions:</h2>
IDE-Version: µVision V5.27.1.0
Copyright (C) 2019 ARM Ltd and ARM Germany GmbH. All rights reserved.
License Information: junwei junwei, junwei, LIC=ZB4EI-TYXYG-GKNBG-VGCC7-N50II-RZT5F
 
Tool Versions:
Toolchain:       MDK-ARM Plus  Version: 5.27.1.0
Toolchain Path:  D:\Software\Keil MDK\ARM\ARMCC\Bin
C Compiler:      Armcc.exe V5.06 update 6 (build 750)
Assembler:       Armasm.exe V5.06 update 6 (build 750)
Linker/Locator:  ArmLink.exe V5.06 update 6 (build 750)
Library Manager: ArmAr.exe V5.06 update 6 (build 750)
Hex Converter:   FromElf.exe V5.06 update 6 (build 750)
CPU DLL:         SARMCM3.DLL V5.27.1.0
Dialog DLL:      DCM.DLL V1.17.2.0
Target DLL:      UL2CM3.DLL V1.162.15.0
Dialog DLL:      TCM.DLL V1.36.1.0
 
<h2>Project:</h2>
D:\KeilProj\stm32f103C6_UCOS-modify-startup.s\STM32F103C6.uvprojx
Project File Date:  08/17/2021

<h2>Output:</h2>
*** Using Compiler 'V5.06 update 6 (build 750)', folder: 'D:\Software\Keil MDK\ARM\ARMCC\Bin'
Rebuild target 'STM32F103C6'
assembling startup_stm32f10x_ld.s...
compiling core_cm3.c...
compiling os_dbg.c...
compiling misc.c...
compiling os_mem.c...
compiling os_msg.c...
compiling os_flag.c...
compiling os_cfg_app.c...
compiling system_stm32f10x.c...
compiling os_mutex.c...
compiling os_prio.c...
compiling stm32f10x_flash.c...
compiling stm32f10x_gpio.c...
compiling stm32f10x_rcc.c...
compiling main.c...
compiling os_core.c...
compiling stm32f10x_it.c...
compiling os_sem.c...
compiling os_q.c...
compiling os_stat.c...
compiling os_var.c...
compiling os_tmr.c...
compiling lib_ascii.c...
compiling os_tick.c...
compiling os_time.c...
compiling os_task.c...
compiling lib_math.c...
compiling lib_mem.c...
assembling cpu_a.asm...
assembling os_cpu_a.asm...
compiling bsp_cpu.c...
compiling bsp_os_dt.c...
compiling cpu_core.c...
compiling os_app_hooks.c...
compiling lib_str.c...
compiling cpu_c.c...
compiling os_cpu_c.c...
linking...
Program Size: Code=6900 RO-data=368 RW-data=96 ZI-data=8392  
FromELF: creating hex file...
".\Objects\STM32F103C6.axf" - 0 Error(s), 0 Warning(s).

<h2>Software Packages used:</h2>

Package Vendor: Keil
                http://www.keil.com/pack/Keil.STM32F1xx_DFP.2.3.0.pack
                Keil.STM32F1xx_DFP.2.3.0
                STMicroelectronics STM32F1 Series Device Support, Drivers and Examples

<h2>Collection of Component include folders:</h2>
  .\RTE\_STM32F103C6
  D:\Software\Keil MDK\Keil\STM32F1xx_DFP\2.3.0\Device\Include

<h2>Collection of Component Files used:</h2>
Build Time Elapsed:  00:00:04
</pre>
</body>
</html>
